-29;99;70;-26;-39;47;21;-73;95;-43
10;48;62;24;-87;83;-84;3;-97;-85
73;-64;-92;77;-75;81;88;-31;-31;65
25;-51;97;-54;100;-27;79;92;84;-27
6;46;42;52;-15;86;31;27;21;29
-6;34;-22;-48;60;47;13;-3;-46;45
-9;-57;-63;-79;-5;74;-31;8;-85;5
