-24;97;20;-78;-100;-50;22
-96;9;-66;35;15;-63;19
13;-37;99;-71;-92;50;18
60;-72;-34;97;-16;-23;-94
-30;-34;34;-85;-37;-95;52
-17;83;26;-30;-85;-36;-88
30;27;-75;-25;71;-94;-42
40;-43;-91;-55;-17;70;26
77;3;-66;-10;-42;85;14
-46;-51;-92;-77;37;-84;55
