62;22;14;-44;-32;-13;2;-46;1;45;63;-89;-2;36;-50;-87;-55
72;31;80;-71;-93;-99;100;17;-95;-24;-56;50;-52;75;-96;-97;-53
-43;7;-10;43;1;-5;29;-85;60;-30;84;30;-100;-63;57;58;-28
-55;14;-48;0;-9;71;80;98;-23;-100;83;-23;43;16;-72;-53;-20
-53;-88;-46;76;-83;95;93;37;61;24;-85;-84;92;8;-75;-72;44
-36;42;-68;-88;92;85;84;33;-43;-31;-55;-9;-7;64;-21;-98;-98
61;-5;47;61;-9;92;-9;5;88;-49;68;-68;-70;79;-53;-90;-54
-6;-33;50;-73;-63;-52;-10;-35;-92;1;88;-28;-15;-95;52;59;41
-58;-7;74;1;56;-70;-99;-43;-47;86;80;34;-39;-40;-28;-56;8
