1.00000 -0.36261 -68.55748 214.86892
364.62230 21.88051 75.42031 134.42199
66.56763 -38.90181 81.59273 -65.16873
