1.00000 10.37867 14.13914 1.94558
929.86648 20.16993 52.76525 -1.00905 12.23251
301.79168 -20.13022 -19.84108 -7.91266 -17.76044
