1.00000 -31.91689 369.85956 -1817.16064 3103.10100
-101.59433 -76.20220 -0.14572 -99.38690 744.96313 -28.34924
5.18980 41.32139 5.81194 -19.96131 -709.80005 -141.73857
