1.00000 0.45089 -100.39227 19.34343 1991.38612 -4405.79242 1905.13288
1650.01021 -588.98508 -291.64928 -344.41091 8485.83992 -11707.98480 -12926.41338 -2683.47514 5034.94085 70812.54056
-4168.66709 -757.86457 -1576.72513 -1458.93688 -8032.68176 -1509.94333 57113.82738 -5360.15099 -6575.19268 -120627.34293
