1.00000 -28.38715 278.86475 -909.38066 -1418.38545 10473.03860 1856.76442 -26713.15225 -7977.52852 10741.62276
117403.90636 -2165084512.73055 -820703692.97849 -1678852.05214 -1326089471.24643 12910.53813 106543.77449 -2503133.20457 13076.77561 -34860.34989
-83420.79325 1918825385.84650 823685397.95999 4370749.27288 1250946648.62256 -28645.39185 86571.62991 6033035.26017 -110250.69697 -49642.68928
