1.00000 5.86900 -158.16310 -998.87091 6972.97822 47465.63805 -84468.81527 -738561.36018 -365953.39033 1786304.17003 936400.85055
-4421581.92341 -248640.74233 1699335.21979 -407656926.61550 -125759716.09857 -3707763.72719 -8174361.45056 -2278110.13007 -390665615.67229 830485.01026
-22814986.98506 3998055.65607 578112.76056 163151127.71223 -177196884.72412 -20566697.33208 10959508.02568 -1218375.87876 251407985.70607 1821689.87484
