1.00000 9.11953 -98.35826 -1135.04563 -100.80590 20836.98567 20903.56780 -108788.11270 -138497.30684 155595.86779 215123.72618
-1094315.54433 98811.12165 -36639.95239 130092.46574 -1154004.33116 -14331681.33381 -264499.20771 -2055067.34531 -122652831.48918 -267516.13376
-5734880.83351 -315927.71769 177858.92642 211085.12454 1105055.88220 3392263827.97638 -1277340.34232 -8338115.04450 3209756647.21128 666621.42700
