1.00000 12.37006 -132.55687 -2209.11946 893.47050 112481.62415 327255.21381 -1394290.94774 -8161965.41256 -12729818.26868 -6237232.59191
-36836424.40422 -102013.90151 801968.42325 -85098409.81366 -87991743.23726 124931.89238 -91087767.23337 -189.67998 9504855.90251 -37615503.82710
-35945818.44902 -1091657.78581 907890.59765 1554867674.37988 58268319.37659 530436.18879 -39977944.61265 -15696.41040 -51380695.98184 80245246.83348
