1.00000 2.12165 -231.88091 -778.07271 18825.89014 84357.12990 -570874.64571 -3279229.12686 2880299.66595 31405908.95318 26661667.53914
134046.62545 -850428.95531 -120036253.24797 54633168.77065 145210608.41528 -113620843.92037 -4545202.69063 64172668.83586 20238.61943 8351035.17679
587759.18295 -70461775.26091 -8715381.51492 27250741.85914 -313330689.90676 -30445782.87705 -6846218.91732 18479955.54573 -328071.70955 -67494817.98085
