32
5 6 7 5 4 9 5 1 7 6 1 5 4 9 9 7 1 6 9 6 4 5 2 8 7 3 2 2 3 1 5 4
sum = 158
49
4 8 4 7 1 7 3 9 3 5 1 5 7 5 6 5 3 9 8 7 7 1 4 2 3 2 3 6 7 8 6 6 1 1 2 5 7 8 6 2 5 7 5 2 6 4 2 5 2
sum = 232
29
3 6 4 9 8 3 2 3 6 9 6 1 2 7 7 5 5 8 4 8 2 7 1 7 6 9 4 6 3
sum = 151
29
8 1 2 8 1 3 4 6 4 8 5 9 6 4 8 8 9 7 9 7 6 4 7 6 6 9 9 6 9
sum = 179
36
7 5 5 1 7 1 3 5 8 5 8 3 2 3 4 8 4 9 6 9 4 1 9 3 4 7 5 7 6 9 5 2 4 6 2 4
sum = 181
