Pascal: 86 178 46 50
Python: 74 138 39 44
C++: 82 147 40 33
Java: 83 177 52 45
C#: 81 185 51 48
