Pascal: 45 51 14 16
Python: 41 55 15 15
C++: 34 49 18 13
Java: 36 45 13 6
C#: 35 48 10 19
