Pascal: 84 208 43 55
Python: 92 202 59 45
C++: 86 210 51 60
Java: 85 191 48 47
C#: 79 163 42 46
