Pascal: 84 181 45 47
Python: 81 165 46 51
C++: 81 170 43 47
Java: 79 156 41 48
C#: 85 190 56 53
