Pascal: 58 92 24 24
Python: 69 118 34 29
C++: 68 112 25 30
Java: 73 104 28 33
C#: 55 83 29 13
