Pascal: 30 33 13 8
Python: 31 35 12 8
C++: 26 30 7 8
Java: 26 32 7 10
C#: 25 26 8 5
