Pascal: 52 73 19 16
Python: 54 76 20 20
C++: 58 82 20 27
Java: 54 82 18 18
C#: 56 84 21 26
