Pascal: 63 93 23 23
Python: 62 101 24 31
C++: 67 102 34 18
Java: 68 103 24 29
C#: 54 81 22 21
