Pascal: 53 81 19 19
Python: 49 73 24 20
C++: 49 74 18 19
Java: 49 64 15 22
C#: 52 76 22 13
