1001: Very Good [65.15%]
1002: Excellent [84.68%]
1003: Very Good [71.26%]
1004: Very Good [71.37%]
1005: Excellent [87.99%]
1006: Very Good [70.22%]
