1001: Participant [39.64%]
1002: Participant [49.03%]
1003: Very Good [70.11%]
1004: Very Good [62.12%]
1005: Participant [43.14%]
1006: Participant [58.50%]
1007: Excellent [76.28%]
1008: Very Good [60.02%]
1009: Very Good [68.51%]
1010: Very Good [62.12%]
1011: Participant [57.75%]
1012: Very Good [62.63%]
1013: Very Good [67.54%]
1014: Excellent [74.91%]
1015: Participant [46.90%]
1016: Participant [43.35%]
1017: Very Good [66.31%]
1018: Very Good [61.49%]
1019: Participant [48.93%]
1020: Participant [47.22%]
1021: Participant [40.79%]
1022: Very Good [72.13%]
1023: Participant [46.31%]
1024: Very Good [63.53%]
1025: Very Good [69.26%]
1026: Participant [59.69%]
1027: Very Good [69.58%]
1028: Excellent [74.19%]
1029: Participant [44.89%]
1030: Participant [50.99%]
1031: Very Good [66.36%]
1032: Very Good [68.35%]
1033: Excellent [75.36%]
1034: Participant [56.38%]
