1001: Very Good [62.65%]
1002: Excellent [79.12%]
1003: Very Good [64.98%]
1004: Very Good [63.53%]
