1001: Very Good [64.38%]
1002: Excellent [74.31%]
1003: Very Good [63.84%]
1004: Participant [52.03%]
1005: Participant [53.54%]
1006: Participant [54.39%]
1007: Participant [51.52%]
1008: Participant [59.13%]
1009: Very Good [65.18%]
1010: Participant [51.05%]
1011: Participant [35.81%]
1012: Very Good [66.59%]
1013: Very Good [63.40%]
1014: Participant [56.23%]
1015: Participant [49.70%]
1016: Very Good [72.67%]
1017: Very Good [64.03%]
1018: Participant [59.26%]
1019: Participant [47.03%]
1020: Excellent [74.69%]
1021: Very Good [65.29%]
1022: Participant [56.41%]
1023: Very Good [60.72%]
1024: Participant [55.73%]
1025: Participant [59.88%]
1026: Participant [47.67%]
1027: Very Good [68.89%]
1028: Participant [57.22%]
1029: Excellent [79.32%]
1030: Very Good [68.55%]
1031: Very Good [62.11%]
1032: Very Good [64.17%]
