1001: Excellent [75.00%]
1002: Very Good [61.45%]
1003: Very Good [70.92%]
1004: Very Good [69.44%]
1005: Excellent [79.60%]
1006: Very Good [64.29%]
1007: Very Good [64.84%]
1008: Excellent [78.13%]
1009: Very Good [73.57%]
1010: Excellent [83.39%]
1011: Excellent [74.83%]
1012: Excellent [76.22%]
1013: Excellent [83.10%]
1014: Very Good [70.43%]
1015: Very Good [67.92%]
1016: Excellent [82.40%]
1017: Excellent [79.24%]
1018: Excellent [85.66%]
1019: Excellent [78.89%]
1020: Very Good [71.45%]
1021: Very Good [73.56%]
1022: Excellent [81.09%]
1023: Excellent [85.53%]
1024: Excellent [80.99%]
1025: Very Good [71.04%]
1026: Very Good [65.09%]
1027: Excellent [83.93%]
1028: Excellent [85.64%]
1029: Excellent [82.38%]
1030: Excellent [76.55%]
