1001: Very Good [69.87%]
1002: Excellent [82.28%]
1003: Excellent [79.40%]
1004: Very Good [66.01%]
1005: Excellent [75.38%]
1006: Very Good [64.27%]
1007: Excellent [78.96%]
1008: Excellent [77.40%]
1009: Very Good [73.71%]
1010: Excellent [75.88%]
1011: Excellent [83.88%]
1012: Very Good [71.84%]
1013: Excellent [89.96%]
1014: Excellent [76.78%]
1015: Very Good [64.40%]
1016: Very Good [60.04%]
1017: Excellent [76.83%]
1018: Excellent [77.32%]
1019: Excellent [80.03%]
1020: Very Good [62.32%]
1021: Excellent [76.38%]
1022: Excellent [83.84%]
1023: Very Good [69.28%]
1024: Participant [52.35%]
1025: Excellent [80.90%]
1026: Very Good [70.89%]
1027: Excellent [81.16%]
1028: Excellent [76.09%]
1029: Excellent [77.17%]
1030: Very Good [69.12%]
1031: Very Good [64.53%]
1032: Participant [59.49%]
