1001: Excellent [75.52%]
1002: Participant [58.51%]
1003: Excellent [78.27%]
1004: Excellent [74.38%]
1005: Very Good [69.64%]
1006: Participant [55.61%]
1007: Excellent [74.18%]
1008: Participant [58.43%]
1009: Participant [48.66%]
1010: Participant [51.81%]
1011: Participant [52.48%]
1012: Participant [54.99%]
1013: Excellent [74.16%]
1014: Very Good [64.31%]
1015: Excellent [76.86%]
1016: Excellent [77.38%]
1017: Participant [52.40%]
1018: Excellent [77.13%]
1019: Very Good [68.23%]
1020: Excellent [74.15%]
1021: Very Good [73.90%]
