1001: Very Good [61.38%]
1002: Participant [57.53%]
1003: Participant [51.46%]
1004: Very Good [72.76%]
1005: Participant [53.54%]
1006: Very Good [64.23%]
1007: Excellent [75.28%]
1008: Participant [56.26%]
1009: Very Good [64.98%]
1010: Very Good [64.50%]
1011: Participant [57.67%]
1012: Participant [57.50%]
1013: Very Good [70.67%]
1014: Very Good [67.30%]
1015: Participant [59.72%]
1016: Very Good [65.70%]
1017: Very Good [61.39%]
1018: Very Good [63.44%]
1019: Very Good [66.96%]
