1001: Excellent [75.74%]
1002: Excellent [85.95%]
1003: Excellent [83.41%]
1004: Very Good [73.46%]
1005: Excellent [77.28%]
1006: Very Good [71.28%]
1007: Excellent [79.10%]
1008: Excellent [78.65%]
1009: Excellent [74.03%]
1010: Very Good [71.79%]
1011: Excellent [75.71%]
1012: Excellent [84.89%]
1013: Very Good [61.65%]
1014: Very Good [71.73%]
1015: Very Good [73.69%]
1016: Participant [59.71%]
1017: Very Good [71.24%]
1018: Participant [47.91%]
1019: Excellent [75.82%]
1020: Excellent [89.57%]
1021: Excellent [81.69%]
1022: Excellent [81.96%]
1023: Very Good [62.78%]
1024: Excellent [74.60%]
1025: Excellent [77.71%]
1026: Participant [58.37%]
1027: Excellent [77.55%]
1028: Excellent [77.14%]
1029: Very Good [61.34%]
1030: Excellent [76.77%]
1031: Excellent [83.27%]
1032: Very Good [63.43%]
1033: Excellent [75.85%]
1034: Very Good [67.50%]
1035: Very Good [67.68%]
1036: Very Good [69.13%]
1037: Very Good [65.55%]
1038: Very Good [72.07%]
1039: Excellent [79.63%]
1040: Very Good [60.02%]
1041: Very Good [72.35%]
1042: Very Good [70.32%]
1043: Excellent [74.87%]
1044: Excellent [84.47%]
1045: Excellent [82.73%]
1046: Very Good [68.29%]
1047: Very Good [63.89%]
