1001: Excellent [74.74%]
1002: Very Good [67.07%]
1003: Very Good [60.24%]
1004: Participant [58.66%]
1005: Very Good [63.63%]
1006: Excellent [76.70%]
1007: Outstanding [91.11%]
1008: Very Good [64.73%]
1009: Very Good [63.84%]
1010: Excellent [77.28%]
1011: Excellent [78.77%]
1012: Very Good [62.71%]
1013: Very Good [68.06%]
1014: Very Good [64.94%]
1015: Participant [59.88%]
1016: Very Good [73.51%]
1017: Very Good [69.32%]
1018: Very Good [66.17%]
1019: Participant [54.25%]
1020: Very Good [63.00%]
1021: Very Good [73.33%]
1022: Participant [52.05%]
1023: Very Good [67.74%]
1024: Excellent [75.33%]
1025: Participant [51.10%]
1026: Excellent [75.28%]
1027: Excellent [83.01%]
1028: Participant [56.69%]
1029: Very Good [73.24%]
1030: Very Good [62.66%]
1031: Very Good [67.35%]
1032: Very Good [71.27%]
1033: Very Good [70.94%]
1034: Very Good [67.28%]
1035: Excellent [79.67%]
1036: Very Good [73.51%]
1037: Participant [49.75%]
1038: Excellent [79.73%]
1039: Participant [54.99%]
1040: Very Good [63.57%]
1041: Very Good [63.31%]
1042: Very Good [70.28%]
1043: Very Good [63.87%]
1044: Very Good [69.69%]
1045: Excellent [78.84%]
