1001: Excellent [79.77%]
1002: Very Good [63.99%]
1003: Very Good [69.47%]
1004: Very Good [64.74%]
1005: Very Good [67.68%]
1006: Very Good [64.82%]
1007: Excellent [78.16%]
1008: Very Good [63.15%]
1009: Excellent [78.21%]
1010: Very Good [68.57%]
1011: Participant [58.36%]
1012: Excellent [76.19%]
1013: Very Good [64.99%]
1014: Participant [53.27%]
1015: Participant [52.90%]
1016: Excellent [76.91%]
1017: Very Good [66.90%]
1018: Very Good [67.76%]
1019: Very Good [61.32%]
1020: Very Good [66.37%]
1021: Very Good [69.59%]
1022: Participant [48.22%]
1023: Very Good [64.34%]
1024: Very Good [72.50%]
1025: Very Good [70.09%]
1026: Very Good [60.42%]
1027: Very Good [70.12%]
1028: Very Good [66.27%]
1029: Excellent [77.49%]
1030: Excellent [76.85%]
1031: Very Good [62.01%]
1032: Very Good [72.89%]
1033: Excellent [79.17%]
1034: Very Good [63.58%]
1035: Very Good [67.98%]
1036: Participant [58.51%]
1037: Very Good [63.74%]
1038: Very Good [70.79%]
1039: Participant [57.30%]
1040: Participant [55.30%]
1041: Very Good [61.98%]
1042: Participant [57.19%]
1043: Excellent [74.84%]
1044: Participant [53.22%]
1045: Participant [55.32%]
1046: Very Good [70.82%]
1047: Very Good [66.37%]
