1001: Very Good [67.02%]
1002: Very Good [64.88%]
1003: Very Good [64.16%]
1004: Participant [55.07%]
1005: Participant [47.41%]
1006: Very Good [60.97%]
1007: Very Good [71.06%]
1008: Very Good [64.02%]
1009: Very Good [70.18%]
1010: Participant [54.59%]
1011: Participant [49.55%]
1012: Very Good [60.65%]
1013: Participant [54.82%]
1014: Participant [34.96%]
1015: Participant [55.36%]
1016: Participant [52.02%]
1017: Very Good [70.97%]
1018: Very Good [65.62%]
1019: Participant [54.52%]
1020: Very Good [70.64%]
1021: Participant [47.85%]
1022: Very Good [69.16%]
1023: Very Good [62.80%]
1024: Very Good [68.10%]
1025: Participant [55.94%]
1026: Excellent [84.30%]
1027: Participant [49.12%]
1028: Very Good [63.19%]
1029: Very Good [62.02%]
1030: Very Good [66.03%]
1031: Very Good [67.24%]
1032: Participant [52.32%]
1033: Very Good [61.19%]
1034: Very Good [64.64%]
1035: Very Good [65.41%]
1036: Participant [59.96%]
1037: Very Good [69.35%]
1038: Participant [47.23%]
1039: Participant [52.65%]
1040: Very Good [73.82%]
1041: Very Good [67.78%]
