1001: Excellent [74.11%]
1002: Excellent [77.19%]
1003: Very Good [71.00%]
1004: Participant [57.13%]
1005: Participant [59.35%]
1006: Very Good [63.75%]
1007: Participant [58.47%]
1008: Excellent [88.91%]
1009: Excellent [76.91%]
1010: Very Good [70.27%]
1011: Very Good [65.78%]
1012: Outstanding [93.62%]
1013: Participant [49.78%]
1014: Very Good [73.55%]
1015: Very Good [71.14%]
1016: Very Good [67.46%]
1017: Excellent [79.53%]
1018: Excellent [74.99%]
1019: Excellent [76.24%]
1020: Very Good [63.77%]
