7
-10 7 -3 -4 10 8 -2
-6 -10 -9 -7 -2 9 -10
7 1 7 10 -8 -3 -4
-6 3 -8 -8 0 9 -2
8 -2 -5 5 0 9 1
7 8 2 6 -3 1 3
5 -5 7 -7 -7 7 -4
4465940
