9
-6 -6 -4 7 -5 -3 0 4 -5
-8 1 -10 7 -9 4 4 6 10
9 2 -5 10 4 -5 -4 7 6
3 -2 6 10 -3 -8 -9 9 -3
-8 6 -3 -6 1 -6 -5 9 0
5 5 5 -8 -2 -9 6 6 0
6 6 10 1 -2 0 7 8 -7
7 -9 7 0 -2 3 2 -2 -9
8 9 7 -3 -9 -4 -5 7 -1
9077746646
