176
27.12.2023 04:43:55
27.12.2023 04:54:09
27.12.2023 06:46:26
27.12.2023 11:06:53
27.12.2023 13:46:05
27.12.2023 14:57:58
27.12.2023 17:33:45
27.12.2023 18:00:11
27.12.2023 18:35:09
27.12.2023 19:25:14
27.12.2023 20:17:25
27.12.2023 21:50:39
27.12.2023 23:28:39
27.12.2023 23:38:41
28.12.2023 07:31:04
28.12.2023 09:44:22
28.12.2023 13:05:43
28.12.2023 13:52:15
28.12.2023 16:45:59
28.12.2023 18:32:08
29.12.2023 07:54:56
29.12.2023 08:26:02
29.12.2023 10:27:02
29.12.2023 12:05:59
29.12.2023 17:04:56
29.12.2023 21:46:12
30.12.2023 01:59:56
30.12.2023 03:46:58
30.12.2023 04:03:06
30.12.2023 05:44:47
30.12.2023 06:21:47
30.12.2023 07:33:34
30.12.2023 09:16:11
30.12.2023 15:08:58
30.12.2023 15:45:32
30.12.2023 16:44:40
30.12.2023 20:09:44
30.12.2023 22:34:22
31.12.2023 00:20:15
31.12.2023 07:21:33
31.12.2023 12:28:20
31.12.2023 19:21:11
31.12.2023 20:07:14
31.12.2023 22:35:51
01.01.2024 00:48:00
01.01.2024 07:01:15
01.01.2024 08:34:15
01.01.2024 10:10:10
01.01.2024 11:08:54
01.01.2024 11:55:21
01.01.2024 18:36:18
02.01.2024 05:59:18
02.01.2024 06:29:30
02.01.2024 08:02:09
02.01.2024 08:31:16
02.01.2024 10:10:28
02.01.2024 11:22:52
02.01.2024 14:42:08
02.01.2024 15:25:06
02.01.2024 19:03:53
02.01.2024 19:27:17
03.01.2024 07:18:36
03.01.2024 07:26:08
03.01.2024 09:05:43
03.01.2024 16:31:32
03.01.2024 19:05:29
04.01.2024 04:30:05
04.01.2024 06:11:26
04.01.2024 09:34:05
04.01.2024 09:35:28
04.01.2024 15:51:03
04.01.2024 19:16:17
04.01.2024 19:36:29
05.01.2024 00:50:48
05.01.2024 05:50:13
05.01.2024 06:37:01
05.01.2024 10:53:06
05.01.2024 14:40:28
05.01.2024 19:06:18
05.01.2024 22:46:54
05.01.2024 23:02:20
06.01.2024 00:31:10
06.01.2024 00:44:51
06.01.2024 02:19:25
06.01.2024 03:31:03
06.01.2024 06:04:02
06.01.2024 06:45:09
06.01.2024 10:49:41
06.01.2024 12:15:32
06.01.2024 13:52:23
06.01.2024 14:28:22
06.01.2024 16:33:08
07.01.2024 01:54:52
07.01.2024 03:06:12
07.01.2024 03:20:10
07.01.2024 04:09:03
07.01.2024 05:41:09
07.01.2024 06:51:54
07.01.2024 07:26:08
07.01.2024 12:03:17
07.01.2024 12:03:46
07.01.2024 15:05:13
07.01.2024 16:52:59
07.01.2024 18:44:34
07.01.2024 22:17:51
07.01.2024 23:52:05
08.01.2024 08:44:52
08.01.2024 14:21:09
08.01.2024 16:23:56
08.01.2024 16:28:03
08.01.2024 18:01:17
08.01.2024 19:40:21
08.01.2024 21:58:43
08.01.2024 23:26:37
09.01.2024 00:44:03
09.01.2024 03:42:22
09.01.2024 07:15:21
09.01.2024 08:16:18
09.01.2024 18:01:34
10.01.2024 01:27:14
10.01.2024 02:42:14
10.01.2024 04:35:15
10.01.2024 14:36:10
10.01.2024 18:14:12
10.01.2024 21:09:53
10.01.2024 22:17:52
11.01.2024 04:40:23
11.01.2024 05:03:48
11.01.2024 09:40:08
11.01.2024 13:12:41
11.01.2024 16:02:00
11.01.2024 16:21:42
11.01.2024 23:07:25
12.01.2024 03:54:11
12.01.2024 18:51:13
12.01.2024 19:53:16
12.01.2024 23:05:06
13.01.2024 03:44:02
13.01.2024 06:05:55
13.01.2024 07:42:11
13.01.2024 09:38:24
13.01.2024 14:42:47
13.01.2024 17:43:11
13.01.2024 22:12:46
14.01.2024 01:43:50
14.01.2024 07:11:38
14.01.2024 08:05:51
14.01.2024 16:00:28
14.01.2024 17:39:28
14.01.2024 21:03:20
14.01.2024 22:55:56
15.01.2024 01:17:14
15.01.2024 02:50:57
15.01.2024 03:15:45
15.01.2024 09:54:10
15.01.2024 17:40:05
15.01.2024 18:43:14
15.01.2024 19:16:43
15.01.2024 20:47:02
15.01.2024 22:07:15
16.01.2024 01:55:22
16.01.2024 02:19:28
16.01.2024 08:44:56
16.01.2024 12:35:21
16.01.2024 22:27:20
16.01.2024 23:56:13
17.01.2024 00:25:54
17.01.2024 01:59:46
17.01.2024 03:24:10
17.01.2024 05:27:39
17.01.2024 05:58:46
17.01.2024 07:17:04
17.01.2024 11:27:52
17.01.2024 12:54:12
17.01.2024 14:25:18
17.01.2024 17:01:31
