236
08.09.2023 20:14:32
08.09.2023 23:27:22
09.09.2023 04:17:23
09.09.2023 06:08:31
09.09.2023 08:21:42
09.09.2023 09:22:51
09.09.2023 12:08:12
09.09.2023 16:57:32
09.09.2023 18:05:01
09.09.2023 23:42:48
10.09.2023 00:40:02
10.09.2023 11:06:13
10.09.2023 13:44:54
10.09.2023 14:50:19
10.09.2023 18:09:45
10.09.2023 19:12:54
10.09.2023 20:29:11
11.09.2023 00:21:26
11.09.2023 01:27:00
11.09.2023 01:52:17
11.09.2023 03:23:34
11.09.2023 05:44:57
11.09.2023 07:11:00
11.09.2023 08:12:57
11.09.2023 09:21:41
11.09.2023 10:18:47
11.09.2023 16:34:17
11.09.2023 18:39:04
11.09.2023 19:16:40
11.09.2023 22:37:35
11.09.2023 23:01:50
11.09.2023 23:46:53
12.09.2023 06:32:51
12.09.2023 06:37:31
12.09.2023 11:30:11
12.09.2023 20:50:01
12.09.2023 22:16:21
13.09.2023 05:29:14
13.09.2023 06:14:58
13.09.2023 07:54:03
13.09.2023 10:09:08
13.09.2023 11:56:14
13.09.2023 14:29:41
13.09.2023 19:58:27
13.09.2023 20:38:49
14.09.2023 02:04:38
14.09.2023 04:20:02
14.09.2023 06:01:57
14.09.2023 08:56:11
14.09.2023 14:08:44
14.09.2023 16:54:11
14.09.2023 18:35:35
14.09.2023 22:03:59
15.09.2023 03:38:36
15.09.2023 09:26:50
15.09.2023 10:50:15
15.09.2023 14:13:03
15.09.2023 18:41:25
16.09.2023 00:15:01
16.09.2023 05:36:24
16.09.2023 07:07:07
16.09.2023 12:30:33
16.09.2023 14:40:56
16.09.2023 17:05:47
16.09.2023 21:31:11
16.09.2023 23:13:34
17.09.2023 04:35:17
17.09.2023 06:40:26
17.09.2023 07:07:42
17.09.2023 09:37:41
17.09.2023 17:04:47
17.09.2023 17:55:38
18.09.2023 04:13:19
18.09.2023 05:11:37
18.09.2023 10:05:05
18.09.2023 12:56:48
18.09.2023 13:39:02
18.09.2023 18:17:25
18.09.2023 22:21:27
18.09.2023 23:17:29
19.09.2023 05:35:07
19.09.2023 08:31:22
19.09.2023 13:12:20
20.09.2023 00:14:58
20.09.2023 02:36:29
20.09.2023 03:36:53
20.09.2023 05:02:51
20.09.2023 06:31:44
20.09.2023 07:43:24
20.09.2023 09:11:01
20.09.2023 13:09:30
20.09.2023 14:52:59
20.09.2023 16:44:49
20.09.2023 18:28:18
20.09.2023 21:44:31
20.09.2023 23:16:26
21.09.2023 00:24:42
21.09.2023 01:43:40
21.09.2023 02:27:01
21.09.2023 05:11:56
21.09.2023 09:10:41
21.09.2023 16:36:20
22.09.2023 00:35:14
22.09.2023 05:44:40
22.09.2023 07:15:39
22.09.2023 13:25:59
22.09.2023 15:05:56
22.09.2023 18:45:45
22.09.2023 20:23:12
22.09.2023 22:43:45
23.09.2023 00:02:46
23.09.2023 01:20:44
23.09.2023 02:41:58
23.09.2023 09:27:56
23.09.2023 15:46:19
24.09.2023 00:37:57
24.09.2023 00:54:18
24.09.2023 02:18:45
24.09.2023 03:18:18
24.09.2023 10:40:18
24.09.2023 11:11:49
24.09.2023 13:36:08
24.09.2023 20:33:59
25.09.2023 01:08:39
25.09.2023 01:29:30
25.09.2023 01:44:49
25.09.2023 02:28:24
25.09.2023 06:55:49
25.09.2023 09:25:27
25.09.2023 23:44:53
26.09.2023 01:21:36
26.09.2023 04:04:42
26.09.2023 04:46:16
26.09.2023 11:04:54
26.09.2023 13:06:08
26.09.2023 21:49:41
27.09.2023 00:56:51
27.09.2023 02:46:51
27.09.2023 09:04:24
27.09.2023 12:01:07
27.09.2023 13:04:54
27.09.2023 16:06:22
27.09.2023 17:51:16
27.09.2023 22:23:23
27.09.2023 23:49:02
28.09.2023 02:38:34
28.09.2023 05:00:34
28.09.2023 09:09:52
28.09.2023 11:15:50
28.09.2023 13:29:57
28.09.2023 13:48:56
28.09.2023 13:58:18
28.09.2023 16:50:11
28.09.2023 17:41:19
28.09.2023 19:18:39
28.09.2023 20:50:07
29.09.2023 01:54:47
29.09.2023 04:31:43
29.09.2023 05:04:24
29.09.2023 06:11:47
29.09.2023 10:43:19
29.09.2023 13:54:03
29.09.2023 14:24:36
29.09.2023 15:34:21
29.09.2023 15:35:30
29.09.2023 18:34:05
29.09.2023 21:18:44
30.09.2023 01:31:55
30.09.2023 02:39:19
30.09.2023 03:03:28
30.09.2023 03:19:12
30.09.2023 07:41:53
30.09.2023 10:23:31
30.09.2023 15:53:46
30.09.2023 17:06:49
30.09.2023 21:23:12
30.09.2023 23:18:39
01.10.2023 06:54:51
01.10.2023 07:00:00
01.10.2023 08:11:32
01.10.2023 09:08:05
01.10.2023 20:35:57
01.10.2023 23:53:57
02.10.2023 01:18:11
02.10.2023 04:29:03
02.10.2023 05:56:49
02.10.2023 06:58:25
02.10.2023 16:06:29
02.10.2023 17:05:03
02.10.2023 21:13:31
03.10.2023 01:18:24
03.10.2023 03:30:06
03.10.2023 04:33:31
03.10.2023 05:55:11
03.10.2023 08:40:45
03.10.2023 13:42:04
03.10.2023 15:18:46
03.10.2023 15:37:15
03.10.2023 16:01:26
03.10.2023 16:48:56
03.10.2023 17:17:29
04.10.2023 03:52:00
04.10.2023 05:24:09
04.10.2023 11:34:26
04.10.2023 12:21:26
04.10.2023 18:38:23
04.10.2023 21:09:04
05.10.2023 02:16:07
05.10.2023 17:18:26
05.10.2023 18:25:37
06.10.2023 04:16:55
06.10.2023 04:57:56
06.10.2023 06:01:03
06.10.2023 06:54:08
06.10.2023 08:12:20
06.10.2023 12:04:32
06.10.2023 15:45:28
06.10.2023 23:28:25
07.10.2023 03:13:09
07.10.2023 04:09:36
07.10.2023 06:16:15
07.10.2023 11:10:17
07.10.2023 11:58:34
07.10.2023 16:29:26
07.10.2023 17:43:04
07.10.2023 19:18:47
07.10.2023 22:28:51
07.10.2023 23:45:21
08.10.2023 08:09:34
08.10.2023 11:24:48
08.10.2023 16:32:39
08.10.2023 20:35:55
09.10.2023 02:47:38
09.10.2023 04:59:53
09.10.2023 08:00:10
09.10.2023 08:39:58
