210
29.08.2023 17:54:57
29.08.2023 20:31:58
29.08.2023 22:21:48
29.08.2023 23:41:09
30.08.2023 10:14:04
30.08.2023 12:59:32
30.08.2023 19:42:01
31.08.2023 04:15:27
31.08.2023 04:48:41
31.08.2023 07:55:25
31.08.2023 14:09:58
31.08.2023 14:54:45
01.09.2023 02:31:39
01.09.2023 04:12:55
01.09.2023 12:46:04
01.09.2023 18:37:04
01.09.2023 18:56:09
01.09.2023 23:57:52
02.09.2023 00:29:10
02.09.2023 02:26:26
02.09.2023 02:58:34
02.09.2023 03:37:24
02.09.2023 05:46:45
02.09.2023 13:33:08
02.09.2023 13:56:12
02.09.2023 15:05:40
02.09.2023 15:50:19
02.09.2023 18:26:09
02.09.2023 18:56:46
02.09.2023 22:17:31
02.09.2023 23:36:43
03.09.2023 00:21:53
03.09.2023 07:08:00
03.09.2023 12:08:45
03.09.2023 13:30:58
03.09.2023 17:41:52
03.09.2023 19:53:06
04.09.2023 01:24:06
04.09.2023 09:10:09
04.09.2023 16:23:07
04.09.2023 17:52:35
04.09.2023 19:10:50
05.09.2023 01:34:04
05.09.2023 06:11:37
05.09.2023 07:22:40
05.09.2023 14:28:54
05.09.2023 16:36:42
05.09.2023 18:50:38
05.09.2023 19:28:49
05.09.2023 21:30:27
06.09.2023 01:48:45
06.09.2023 02:46:31
06.09.2023 03:44:40
06.09.2023 06:15:15
06.09.2023 08:26:00
06.09.2023 15:08:33
07.09.2023 01:18:05
07.09.2023 04:56:20
07.09.2023 07:14:50
08.09.2023 03:00:48
08.09.2023 07:55:30
08.09.2023 09:48:08
08.09.2023 13:11:59
08.09.2023 17:09:00
08.09.2023 18:33:03
08.09.2023 20:01:24
08.09.2023 21:39:28
09.09.2023 01:41:17
09.09.2023 03:01:14
09.09.2023 03:38:05
09.09.2023 09:57:37
09.09.2023 10:11:02
09.09.2023 10:57:11
09.09.2023 12:51:04
09.09.2023 17:50:50
09.09.2023 19:56:04
10.09.2023 01:50:47
10.09.2023 03:03:59
10.09.2023 05:15:58
10.09.2023 09:52:17
10.09.2023 13:37:49
10.09.2023 15:26:04
10.09.2023 16:55:57
10.09.2023 18:46:03
10.09.2023 20:29:24
11.09.2023 05:11:51
11.09.2023 05:31:46
11.09.2023 07:23:42
11.09.2023 10:18:14
11.09.2023 11:16:52
11.09.2023 18:05:50
11.09.2023 18:37:34
11.09.2023 19:08:19
11.09.2023 20:23:54
12.09.2023 04:46:12
12.09.2023 10:45:07
12.09.2023 10:53:55
12.09.2023 16:25:36
12.09.2023 19:34:09
13.09.2023 05:04:12
13.09.2023 06:18:01
13.09.2023 06:53:56
13.09.2023 12:00:20
13.09.2023 12:46:49
13.09.2023 14:06:43
13.09.2023 16:40:55
13.09.2023 17:59:45
13.09.2023 19:08:07
13.09.2023 23:11:25
14.09.2023 06:43:05
14.09.2023 08:24:13
14.09.2023 09:58:53
14.09.2023 11:21:34
14.09.2023 14:29:41
14.09.2023 16:41:35
14.09.2023 18:04:33
15.09.2023 02:26:44
15.09.2023 05:18:16
15.09.2023 07:50:18
15.09.2023 11:11:42
15.09.2023 19:13:57
16.09.2023 01:21:49
16.09.2023 03:58:41
16.09.2023 05:11:28
16.09.2023 06:37:59
16.09.2023 13:56:40
16.09.2023 18:30:42
16.09.2023 22:04:57
16.09.2023 22:25:52
17.09.2023 00:29:47
17.09.2023 04:46:13
17.09.2023 05:53:29
17.09.2023 07:31:17
17.09.2023 10:29:37
17.09.2023 18:16:53
17.09.2023 19:29:35
17.09.2023 21:08:00
17.09.2023 23:04:27
18.09.2023 03:43:07
18.09.2023 07:05:31
18.09.2023 09:15:38
18.09.2023 13:46:15
18.09.2023 15:19:10
18.09.2023 17:42:00
18.09.2023 17:48:31
18.09.2023 18:50:28
18.09.2023 19:56:47
18.09.2023 21:16:37
19.09.2023 02:02:27
19.09.2023 04:32:13
19.09.2023 08:08:12
19.09.2023 10:13:30
19.09.2023 13:37:37
19.09.2023 14:35:02
19.09.2023 16:02:12
19.09.2023 17:25:32
19.09.2023 17:42:59
19.09.2023 18:11:22
20.09.2023 00:23:10
20.09.2023 06:46:17
20.09.2023 07:43:21
20.09.2023 08:21:15
20.09.2023 10:55:05
20.09.2023 13:47:53
20.09.2023 14:08:12
20.09.2023 14:34:29
20.09.2023 15:56:58
20.09.2023 18:14:01
20.09.2023 19:46:27
20.09.2023 20:45:19
20.09.2023 23:23:35
21.09.2023 00:49:05
21.09.2023 03:40:46
21.09.2023 05:21:47
21.09.2023 11:20:39
21.09.2023 11:48:10
21.09.2023 15:47:38
21.09.2023 16:51:37
21.09.2023 20:39:09
21.09.2023 21:52:04
22.09.2023 03:08:48
22.09.2023 08:10:40
22.09.2023 08:45:57
22.09.2023 13:41:35
22.09.2023 15:16:44
23.09.2023 10:18:03
23.09.2023 10:52:30
23.09.2023 13:52:39
23.09.2023 13:54:50
23.09.2023 19:59:38
24.09.2023 01:34:06
24.09.2023 02:14:39
24.09.2023 03:26:42
24.09.2023 08:36:03
24.09.2023 11:15:53
24.09.2023 16:05:48
24.09.2023 16:59:18
24.09.2023 18:00:30
24.09.2023 19:42:48
24.09.2023 21:07:21
25.09.2023 00:36:06
25.09.2023 02:27:25
25.09.2023 07:47:09
25.09.2023 15:45:10
25.09.2023 19:43:54
25.09.2023 20:34:18
25.09.2023 21:09:33
25.09.2023 21:54:48
26.09.2023 00:13:01
26.09.2023 02:34:54
