113
25.11.2023 20:54:58
26.11.2023 03:47:17
26.11.2023 04:55:43
26.11.2023 07:53:29
26.11.2023 14:02:57
26.11.2023 14:48:10
26.11.2023 18:12:13
26.11.2023 19:15:12
26.11.2023 23:38:53
27.11.2023 00:48:47
27.11.2023 01:52:34
27.11.2023 05:44:35
27.11.2023 05:50:38
27.11.2023 07:40:38
27.11.2023 07:57:29
27.11.2023 09:21:19
27.11.2023 09:31:40
27.11.2023 18:48:14
27.11.2023 19:49:19
27.11.2023 22:21:19
28.11.2023 00:06:25
28.11.2023 00:27:02
28.11.2023 01:50:23
28.11.2023 03:09:56
28.11.2023 07:25:54
28.11.2023 08:48:28
28.11.2023 15:34:20
28.11.2023 21:42:34
28.11.2023 23:21:03
29.11.2023 00:34:44
29.11.2023 02:41:32
29.11.2023 06:58:24
29.11.2023 08:10:37
29.11.2023 14:55:57
29.11.2023 15:26:05
29.11.2023 15:58:33
29.11.2023 18:47:13
30.11.2023 00:26:57
30.11.2023 02:45:45
30.11.2023 08:03:41
30.11.2023 10:46:55
30.11.2023 12:20:30
30.11.2023 16:33:45
30.11.2023 21:59:11
30.11.2023 22:12:27
01.12.2023 03:29:19
01.12.2023 05:15:43
01.12.2023 06:12:30
01.12.2023 11:50:52
01.12.2023 13:09:53
01.12.2023 21:15:39
02.12.2023 00:57:45
02.12.2023 01:28:38
02.12.2023 04:03:05
02.12.2023 06:45:48
02.12.2023 08:35:08
02.12.2023 11:03:33
02.12.2023 11:33:00
02.12.2023 14:12:48
02.12.2023 16:40:06
02.12.2023 20:50:53
03.12.2023 01:07:39
03.12.2023 05:50:25
03.12.2023 14:34:35
03.12.2023 15:12:53
03.12.2023 15:41:16
03.12.2023 17:02:23
03.12.2023 19:38:23
03.12.2023 20:17:46
04.12.2023 04:41:27
04.12.2023 05:59:34
04.12.2023 11:59:03
04.12.2023 13:44:31
04.12.2023 18:12:54
04.12.2023 19:36:37
05.12.2023 02:33:55
05.12.2023 03:39:37
05.12.2023 06:37:01
05.12.2023 18:42:18
05.12.2023 22:18:20
06.12.2023 00:33:05
06.12.2023 10:00:57
06.12.2023 13:59:53
06.12.2023 15:04:20
06.12.2023 19:05:27
06.12.2023 21:57:39
06.12.2023 22:01:25
07.12.2023 02:17:04
07.12.2023 05:50:47
07.12.2023 07:36:33
07.12.2023 09:08:51
07.12.2023 14:44:22
07.12.2023 16:18:49
07.12.2023 20:14:14
07.12.2023 22:03:08
07.12.2023 23:40:31
08.12.2023 07:56:26
08.12.2023 09:58:51
08.12.2023 10:58:54
08.12.2023 12:34:50
08.12.2023 15:27:08
08.12.2023 16:13:34
08.12.2023 17:45:41
08.12.2023 19:04:43
08.12.2023 21:36:35
08.12.2023 23:46:17
09.12.2023 00:56:47
09.12.2023 03:01:35
09.12.2023 05:07:45
09.12.2023 07:13:45
09.12.2023 11:08:39
09.12.2023 17:14:10
09.12.2023 20:59:03
