258
15.10.2023 12:39:31
15.10.2023 14:42:16
15.10.2023 19:43:02
16.10.2023 00:56:09
16.10.2023 03:11:28
16.10.2023 12:28:34
16.10.2023 13:01:00
16.10.2023 15:44:27
16.10.2023 16:59:28
16.10.2023 17:39:58
16.10.2023 21:08:18
17.10.2023 00:38:48
17.10.2023 03:33:21
17.10.2023 08:02:31
17.10.2023 15:45:19
17.10.2023 19:09:06
18.10.2023 02:30:57
18.10.2023 05:10:33
18.10.2023 05:52:55
18.10.2023 06:10:15
18.10.2023 06:24:21
18.10.2023 11:58:46
18.10.2023 14:27:58
18.10.2023 16:29:11
18.10.2023 21:01:03
19.10.2023 00:31:41
19.10.2023 02:09:03
19.10.2023 03:29:28
19.10.2023 11:27:33
19.10.2023 13:44:31
19.10.2023 16:22:17
19.10.2023 17:42:37
19.10.2023 19:04:37
19.10.2023 20:25:52
20.10.2023 02:19:28
20.10.2023 03:59:10
20.10.2023 15:12:03
20.10.2023 17:03:19
20.10.2023 18:12:52
20.10.2023 19:11:13
21.10.2023 03:11:05
21.10.2023 11:40:57
21.10.2023 14:27:47
21.10.2023 16:26:52
21.10.2023 16:31:51
21.10.2023 17:24:10
21.10.2023 18:49:20
21.10.2023 19:56:02
22.10.2023 04:28:13
22.10.2023 05:01:43
22.10.2023 07:15:07
22.10.2023 14:43:47
22.10.2023 15:58:07
22.10.2023 17:31:34
22.10.2023 19:47:10
23.10.2023 02:35:10
23.10.2023 05:45:04
23.10.2023 11:00:28
23.10.2023 13:54:46
23.10.2023 14:09:32
23.10.2023 17:06:14
23.10.2023 17:20:36
23.10.2023 20:11:18
23.10.2023 21:44:04
23.10.2023 22:49:26
24.10.2023 06:41:49
24.10.2023 09:20:06
24.10.2023 10:29:51
24.10.2023 11:07:16
24.10.2023 12:53:01
24.10.2023 19:54:30
24.10.2023 20:56:03
24.10.2023 22:32:10
25.10.2023 03:22:49
25.10.2023 06:42:22
25.10.2023 09:39:51
25.10.2023 13:03:37
25.10.2023 14:41:33
25.10.2023 16:52:37
25.10.2023 21:48:54
25.10.2023 23:03:54
26.10.2023 03:29:16
26.10.2023 04:14:31
26.10.2023 04:36:03
26.10.2023 06:38:42
26.10.2023 07:55:19
26.10.2023 09:23:59
26.10.2023 11:40:03
26.10.2023 15:38:14
26.10.2023 17:45:13
26.10.2023 18:35:34
26.10.2023 23:40:13
27.10.2023 03:41:36
27.10.2023 04:24:31
27.10.2023 06:32:32
27.10.2023 07:06:26
27.10.2023 08:18:51
27.10.2023 08:24:42
27.10.2023 08:57:41
27.10.2023 08:58:55
27.10.2023 11:00:53
27.10.2023 11:41:24
27.10.2023 14:08:27
27.10.2023 20:55:14
28.10.2023 00:14:48
28.10.2023 01:38:41
28.10.2023 03:11:35
28.10.2023 03:17:33
28.10.2023 05:42:22
28.10.2023 05:46:44
28.10.2023 06:38:32
28.10.2023 10:28:33
28.10.2023 12:10:32
28.10.2023 13:42:13
28.10.2023 16:20:34
29.10.2023 06:17:49
29.10.2023 08:13:21
29.10.2023 10:44:07
29.10.2023 11:51:33
29.10.2023 12:37:40
29.10.2023 14:11:44
29.10.2023 14:31:12
29.10.2023 20:18:44
29.10.2023 21:40:10
30.10.2023 00:54:50
30.10.2023 03:44:30
30.10.2023 14:14:53
30.10.2023 15:52:22
30.10.2023 17:31:34
30.10.2023 19:56:49
31.10.2023 04:43:16
31.10.2023 06:05:40
31.10.2023 07:39:38
31.10.2023 07:56:10
31.10.2023 20:44:14
31.10.2023 21:22:28
01.11.2023 00:24:11
01.11.2023 03:24:56
01.11.2023 09:41:46
01.11.2023 16:57:30
01.11.2023 19:46:38
01.11.2023 21:03:25
02.11.2023 01:33:18
02.11.2023 03:22:15
02.11.2023 10:58:38
02.11.2023 15:59:14
02.11.2023 16:55:17
02.11.2023 18:55:20
02.11.2023 23:34:20
03.11.2023 04:18:10
03.11.2023 05:50:47
03.11.2023 11:20:14
03.11.2023 15:20:05
03.11.2023 19:17:09
03.11.2023 20:54:14
04.11.2023 02:55:57
04.11.2023 08:42:42
04.11.2023 11:18:50
04.11.2023 11:35:33
04.11.2023 14:17:10
04.11.2023 22:21:39
05.11.2023 04:35:18
05.11.2023 05:36:03
05.11.2023 06:30:04
05.11.2023 09:22:23
05.11.2023 12:00:42
05.11.2023 13:34:04
05.11.2023 16:45:43
05.11.2023 18:59:16
05.11.2023 20:13:42
05.11.2023 21:32:51
06.11.2023 03:54:34
06.11.2023 04:38:12
06.11.2023 06:04:32
06.11.2023 08:18:12
06.11.2023 09:50:12
06.11.2023 15:45:48
06.11.2023 17:09:27
06.11.2023 19:53:10
06.11.2023 20:57:00
06.11.2023 22:43:34
07.11.2023 07:17:00
07.11.2023 11:57:23
07.11.2023 18:01:03
07.11.2023 19:16:49
07.11.2023 19:30:58
07.11.2023 23:11:32
08.11.2023 01:26:29
08.11.2023 07:00:01
08.11.2023 13:05:07
08.11.2023 15:21:19
08.11.2023 20:38:12
09.11.2023 02:29:43
09.11.2023 05:39:07
09.11.2023 07:25:15
09.11.2023 10:48:19
09.11.2023 11:37:53
09.11.2023 11:47:10
09.11.2023 13:14:10
09.11.2023 13:43:07
09.11.2023 18:29:26
10.11.2023 00:45:01
10.11.2023 13:14:02
10.11.2023 14:38:09
10.11.2023 15:49:42
10.11.2023 21:28:50
11.11.2023 06:15:33
11.11.2023 07:44:30
11.11.2023 13:04:32
11.11.2023 13:26:54
11.11.2023 14:00:42
11.11.2023 15:30:34
11.11.2023 18:09:47
11.11.2023 20:47:27
12.11.2023 01:38:05
12.11.2023 10:35:08
12.11.2023 12:20:30
12.11.2023 15:56:16
12.11.2023 17:21:25
12.11.2023 18:03:51
12.11.2023 19:13:19
12.11.2023 20:47:18
13.11.2023 00:20:26
13.11.2023 02:24:13
13.11.2023 05:33:23
13.11.2023 09:18:57
13.11.2023 10:55:33
13.11.2023 12:22:28
13.11.2023 13:18:07
13.11.2023 21:08:48
13.11.2023 23:58:43
14.11.2023 08:06:05
14.11.2023 10:56:47
14.11.2023 13:58:24
14.11.2023 18:36:24
14.11.2023 20:09:17
14.11.2023 22:21:30
15.11.2023 00:02:22
15.11.2023 00:30:03
15.11.2023 02:33:39
15.11.2023 08:12:02
15.11.2023 15:04:30
15.11.2023 23:24:40
16.11.2023 01:16:58
16.11.2023 02:29:41
16.11.2023 08:02:32
16.11.2023 09:18:18
16.11.2023 12:00:18
16.11.2023 13:28:40
16.11.2023 13:34:54
16.11.2023 15:00:03
16.11.2023 17:10:42
16.11.2023 22:44:48
17.11.2023 00:35:00
17.11.2023 09:42:34
17.11.2023 12:04:22
17.11.2023 16:21:38
17.11.2023 18:20:59
