82
21.01.2024 11:17:03
21.01.2024 16:19:50
21.01.2024 19:15:41
21.01.2024 20:48:47
22.01.2024 01:53:02
22.01.2024 04:59:58
22.01.2024 07:49:23
22.01.2024 10:25:48
22.01.2024 11:39:55
22.01.2024 16:49:31
22.01.2024 18:37:34
22.01.2024 18:40:58
22.01.2024 21:45:44
23.01.2024 01:09:49
23.01.2024 03:47:03
23.01.2024 04:12:40
23.01.2024 05:11:15
23.01.2024 07:57:54
23.01.2024 08:04:09
23.01.2024 08:26:49
23.01.2024 13:04:34
23.01.2024 15:28:12
23.01.2024 17:50:29
23.01.2024 20:30:34
24.01.2024 01:31:46
24.01.2024 06:44:09
24.01.2024 07:45:21
24.01.2024 10:03:04
24.01.2024 12:46:25
24.01.2024 14:37:28
24.01.2024 20:59:27
24.01.2024 22:04:50
24.01.2024 23:43:32
25.01.2024 00:18:48
25.01.2024 00:55:00
25.01.2024 06:36:01
25.01.2024 08:50:15
25.01.2024 12:11:08
25.01.2024 13:48:26
25.01.2024 15:52:40
25.01.2024 16:52:20
25.01.2024 18:15:23
25.01.2024 21:22:02
26.01.2024 02:26:37
26.01.2024 03:52:13
26.01.2024 05:57:07
26.01.2024 08:44:06
26.01.2024 17:37:28
27.01.2024 04:16:56
27.01.2024 05:54:33
27.01.2024 06:03:23
27.01.2024 09:42:07
27.01.2024 21:02:37
28.01.2024 01:32:26
28.01.2024 06:55:36
28.01.2024 08:32:33
28.01.2024 12:17:27
28.01.2024 13:32:13
28.01.2024 16:21:58
28.01.2024 18:00:14
28.01.2024 20:24:19
29.01.2024 07:41:40
29.01.2024 14:29:46
29.01.2024 15:26:55
29.01.2024 17:04:44
29.01.2024 18:46:36
29.01.2024 21:36:49
29.01.2024 21:44:29
29.01.2024 23:37:48
30.01.2024 00:55:39
30.01.2024 04:00:33
30.01.2024 04:05:53
30.01.2024 08:10:55
30.01.2024 23:51:50
31.01.2024 00:44:33
31.01.2024 03:59:56
31.01.2024 05:25:10
31.01.2024 07:31:39
31.01.2024 09:10:18
31.01.2024 11:07:39
31.01.2024 20:27:56
01.02.2024 04:58:17
