39
22.12.2023 20:13:08
22.12.2023 22:29:55
23.12.2023 01:08:41
23.12.2023 08:18:08
23.12.2023 08:46:06
23.12.2023 09:22:19
23.12.2023 10:39:00
23.12.2023 13:34:46
23.12.2023 14:32:04
23.12.2023 23:14:40
24.12.2023 06:28:30
24.12.2023 08:05:48
24.12.2023 13:29:32
24.12.2023 15:28:50
24.12.2023 16:12:34
24.12.2023 22:09:24
24.12.2023 23:37:56
25.12.2023 10:27:52
25.12.2023 13:14:18
25.12.2023 13:15:31
25.12.2023 19:22:55
26.12.2023 02:22:24
26.12.2023 02:26:53
26.12.2023 08:17:06
26.12.2023 19:54:45
26.12.2023 23:12:49
27.12.2023 04:40:58
27.12.2023 05:28:51
27.12.2023 06:46:48
27.12.2023 09:41:04
27.12.2023 11:13:03
27.12.2023 13:36:55
27.12.2023 19:33:59
27.12.2023 23:57:50
28.12.2023 00:04:22
28.12.2023 01:00:40
28.12.2023 01:57:36
28.12.2023 05:47:50
28.12.2023 08:48:22
