191
25.08.2023 09:01:03
25.08.2023 11:48:06
25.08.2023 17:57:15
25.08.2023 19:24:53
26.08.2023 04:43:46
26.08.2023 09:43:45
26.08.2023 16:03:16
26.08.2023 16:55:39
26.08.2023 22:38:12
27.08.2023 04:28:54
27.08.2023 07:43:43
27.08.2023 15:11:15
27.08.2023 21:47:16
27.08.2023 23:23:32
28.08.2023 02:52:24
28.08.2023 04:13:42
28.08.2023 04:40:53
28.08.2023 04:48:20
28.08.2023 07:25:10
28.08.2023 07:34:06
28.08.2023 13:58:00
28.08.2023 14:07:36
28.08.2023 16:48:02
28.08.2023 18:35:13
28.08.2023 19:02:11
28.08.2023 21:33:24
28.08.2023 23:05:51
29.08.2023 01:14:47
29.08.2023 04:27:01
29.08.2023 06:11:39
29.08.2023 12:05:38
29.08.2023 14:24:38
29.08.2023 16:53:00
29.08.2023 17:22:48
29.08.2023 17:42:26
29.08.2023 19:16:50
29.08.2023 20:31:04
30.08.2023 00:07:13
30.08.2023 00:45:26
30.08.2023 02:41:06
30.08.2023 06:06:18
30.08.2023 07:20:10
30.08.2023 09:14:31
30.08.2023 10:29:56
30.08.2023 12:30:09
30.08.2023 14:12:51
30.08.2023 14:39:12
30.08.2023 14:40:46
30.08.2023 14:46:57
30.08.2023 17:10:13
30.08.2023 20:23:24
31.08.2023 09:19:23
31.08.2023 11:11:28
31.08.2023 15:50:17
31.08.2023 17:16:03
31.08.2023 18:38:42
31.08.2023 20:05:33
31.08.2023 23:33:58
01.09.2023 00:52:03
01.09.2023 00:55:42
01.09.2023 02:26:37
01.09.2023 03:43:06
01.09.2023 05:26:02
01.09.2023 10:27:47
01.09.2023 15:02:22
01.09.2023 17:14:10
01.09.2023 17:17:13
01.09.2023 19:33:12
01.09.2023 22:55:05
02.09.2023 02:09:36
02.09.2023 03:49:24
02.09.2023 15:05:18
02.09.2023 18:27:07
02.09.2023 21:28:30
03.09.2023 02:39:19
03.09.2023 04:36:49
03.09.2023 06:11:59
03.09.2023 06:48:41
03.09.2023 12:42:56
03.09.2023 12:50:06
03.09.2023 16:32:42
03.09.2023 17:27:15
03.09.2023 18:12:27
03.09.2023 19:44:08
04.09.2023 00:04:45
04.09.2023 02:31:39
04.09.2023 04:12:30
04.09.2023 05:10:38
04.09.2023 06:10:35
04.09.2023 06:56:48
04.09.2023 12:44:11
04.09.2023 13:09:17
04.09.2023 14:22:37
04.09.2023 15:35:07
04.09.2023 20:23:21
05.09.2023 03:05:07
05.09.2023 06:28:43
05.09.2023 08:15:07
05.09.2023 10:15:09
05.09.2023 11:45:15
05.09.2023 13:01:45
05.09.2023 20:14:08
05.09.2023 20:43:50
05.09.2023 21:43:36
06.09.2023 00:19:34
06.09.2023 00:36:59
06.09.2023 05:54:24
06.09.2023 06:23:51
06.09.2023 09:35:03
06.09.2023 10:17:33
06.09.2023 11:57:27
06.09.2023 13:35:02
06.09.2023 14:20:57
06.09.2023 15:29:15
06.09.2023 18:41:53
06.09.2023 23:02:16
07.09.2023 02:54:13
07.09.2023 05:03:46
07.09.2023 15:43:40
07.09.2023 17:25:47
07.09.2023 22:20:51
08.09.2023 01:59:12
08.09.2023 04:14:24
08.09.2023 05:18:50
08.09.2023 10:08:43
08.09.2023 14:00:12
08.09.2023 15:16:23
08.09.2023 18:35:57
08.09.2023 18:55:49
08.09.2023 21:13:09
09.09.2023 00:27:54
09.09.2023 07:57:33
09.09.2023 11:14:09
09.09.2023 12:52:17
09.09.2023 15:14:16
09.09.2023 20:40:53
09.09.2023 22:07:07
10.09.2023 08:10:19
10.09.2023 12:39:02
10.09.2023 17:14:03
10.09.2023 17:45:54
10.09.2023 18:03:59
11.09.2023 01:56:45
11.09.2023 02:57:05
11.09.2023 07:14:44
11.09.2023 12:13:52
11.09.2023 16:24:17
11.09.2023 16:47:34
11.09.2023 18:23:39
11.09.2023 22:21:02
11.09.2023 23:42:09
12.09.2023 00:46:41
12.09.2023 02:02:14
12.09.2023 06:29:36
12.09.2023 07:40:03
12.09.2023 11:39:22
12.09.2023 18:27:07
12.09.2023 20:30:02
12.09.2023 22:59:17
13.09.2023 00:51:00
13.09.2023 03:12:42
13.09.2023 05:10:19
13.09.2023 05:47:11
13.09.2023 08:09:54
13.09.2023 09:23:10
13.09.2023 13:51:53
13.09.2023 14:26:42
13.09.2023 19:31:24
13.09.2023 22:38:07
13.09.2023 23:11:46
14.09.2023 02:08:52
14.09.2023 02:46:23
14.09.2023 08:29:54
14.09.2023 08:58:07
14.09.2023 14:17:13
14.09.2023 14:54:17
14.09.2023 15:21:45
15.09.2023 01:47:03
15.09.2023 03:21:24
15.09.2023 05:51:04
15.09.2023 07:00:07
15.09.2023 07:55:17
15.09.2023 08:17:36
15.09.2023 12:45:13
15.09.2023 13:43:37
15.09.2023 15:16:54
16.09.2023 01:07:43
16.09.2023 02:08:36
16.09.2023 02:15:23
16.09.2023 02:23:55
16.09.2023 02:35:29
