218
13.08.2023 18:56:02
13.08.2023 21:29:28
13.08.2023 23:15:45
14.08.2023 02:01:44
14.08.2023 02:51:51
14.08.2023 03:52:33
14.08.2023 11:33:33
14.08.2023 18:45:08
14.08.2023 23:30:54
15.08.2023 00:39:28
15.08.2023 01:55:52
15.08.2023 02:25:31
15.08.2023 04:40:23
15.08.2023 11:15:00
15.08.2023 11:47:26
15.08.2023 15:02:22
15.08.2023 16:15:52
15.08.2023 18:30:48
15.08.2023 20:06:34
16.08.2023 07:16:24
16.08.2023 08:32:40
16.08.2023 13:26:09
16.08.2023 14:25:29
16.08.2023 17:37:58
17.08.2023 07:44:07
17.08.2023 10:27:35
17.08.2023 10:38:27
17.08.2023 12:58:16
17.08.2023 17:14:31
17.08.2023 21:51:32
17.08.2023 21:56:27
18.08.2023 02:18:03
18.08.2023 04:58:39
18.08.2023 05:18:18
18.08.2023 06:24:57
18.08.2023 18:49:25
19.08.2023 00:18:15
19.08.2023 03:47:20
19.08.2023 10:15:41
19.08.2023 11:41:53
19.08.2023 13:01:24
19.08.2023 14:27:18
19.08.2023 15:27:53
19.08.2023 16:22:01
19.08.2023 19:15:05
19.08.2023 19:25:26
20.08.2023 00:50:25
20.08.2023 01:14:31
20.08.2023 03:40:45
20.08.2023 05:00:24
20.08.2023 07:39:55
20.08.2023 08:52:12
20.08.2023 13:21:11
20.08.2023 14:45:51
20.08.2023 16:28:01
20.08.2023 18:33:32
20.08.2023 20:18:34
21.08.2023 02:59:45
21.08.2023 03:53:35
21.08.2023 08:52:53
21.08.2023 15:08:05
21.08.2023 22:01:21
22.08.2023 04:35:13
22.08.2023 08:35:13
22.08.2023 10:24:07
22.08.2023 14:48:54
22.08.2023 18:57:47
22.08.2023 23:44:19
22.08.2023 23:50:17
23.08.2023 07:33:51
23.08.2023 08:52:25
23.08.2023 13:48:27
23.08.2023 14:43:19
23.08.2023 23:16:33
24.08.2023 03:18:45
24.08.2023 05:37:41
24.08.2023 07:08:34
24.08.2023 09:45:30
24.08.2023 14:29:11
24.08.2023 15:03:52
24.08.2023 19:57:29
24.08.2023 21:08:21
25.08.2023 00:00:31
25.08.2023 06:17:30
25.08.2023 09:44:34
25.08.2023 11:10:21
25.08.2023 15:19:23
25.08.2023 16:07:18
25.08.2023 17:28:34
25.08.2023 21:32:28
25.08.2023 23:15:08
26.08.2023 01:13:28
26.08.2023 01:13:51
26.08.2023 05:00:21
26.08.2023 11:06:19
26.08.2023 13:02:42
26.08.2023 14:40:17
26.08.2023 17:48:40
26.08.2023 19:18:12
26.08.2023 19:53:52
26.08.2023 20:46:35
27.08.2023 00:22:28
27.08.2023 01:26:00
27.08.2023 03:17:56
27.08.2023 07:44:02
27.08.2023 09:04:29
27.08.2023 10:05:58
27.08.2023 11:14:17
27.08.2023 13:58:19
27.08.2023 17:08:25
27.08.2023 22:43:39
27.08.2023 23:56:05
28.08.2023 03:14:55
28.08.2023 04:22:32
28.08.2023 13:25:39
28.08.2023 20:25:15
28.08.2023 21:17:05
28.08.2023 23:45:35
29.08.2023 01:29:54
29.08.2023 01:34:45
29.08.2023 01:56:02
29.08.2023 05:29:16
29.08.2023 08:18:10
29.08.2023 11:20:46
29.08.2023 14:05:24
29.08.2023 18:32:54
29.08.2023 20:00:40
29.08.2023 22:00:47
29.08.2023 22:13:50
29.08.2023 23:24:20
30.08.2023 01:47:23
30.08.2023 05:40:43
30.08.2023 07:19:27
30.08.2023 22:06:05
31.08.2023 02:33:53
31.08.2023 03:41:49
31.08.2023 04:31:32
31.08.2023 17:12:32
31.08.2023 19:51:16
31.08.2023 20:32:20
01.09.2023 02:37:18
01.09.2023 06:34:53
01.09.2023 07:41:51
01.09.2023 07:59:32
01.09.2023 10:11:41
01.09.2023 11:59:35
01.09.2023 17:47:40
01.09.2023 21:23:03
02.09.2023 00:19:58
02.09.2023 02:01:03
02.09.2023 03:02:59
02.09.2023 05:33:36
02.09.2023 08:14:37
02.09.2023 09:56:15
02.09.2023 11:10:22
02.09.2023 14:08:55
02.09.2023 16:25:49
02.09.2023 22:11:15
03.09.2023 03:45:15
03.09.2023 05:41:16
03.09.2023 11:24:31
03.09.2023 22:02:34
03.09.2023 23:33:01
04.09.2023 00:44:31
04.09.2023 02:26:46
04.09.2023 05:54:16
04.09.2023 07:55:35
04.09.2023 09:42:46
04.09.2023 10:25:14
04.09.2023 11:29:31
04.09.2023 17:58:53
04.09.2023 22:51:49
05.09.2023 06:40:40
05.09.2023 06:44:06
05.09.2023 11:17:48
05.09.2023 19:24:00
05.09.2023 20:52:03
06.09.2023 03:48:54
06.09.2023 15:33:07
06.09.2023 16:11:53
06.09.2023 18:57:05
06.09.2023 19:22:31
07.09.2023 00:43:10
07.09.2023 03:43:14
07.09.2023 07:56:39
07.09.2023 07:56:40
07.09.2023 10:11:17
07.09.2023 13:06:31
07.09.2023 14:13:33
07.09.2023 18:30:20
08.09.2023 06:35:06
08.09.2023 09:11:45
08.09.2023 16:51:33
08.09.2023 17:32:26
08.09.2023 18:02:45
08.09.2023 19:05:26
08.09.2023 21:10:43
08.09.2023 22:22:59
09.09.2023 00:47:38
09.09.2023 02:16:28
09.09.2023 02:49:21
09.09.2023 05:26:50
09.09.2023 09:43:26
09.09.2023 12:46:18
09.09.2023 16:04:51
09.09.2023 17:01:18
09.09.2023 22:14:54
10.09.2023 02:20:14
10.09.2023 05:39:16
10.09.2023 06:21:35
10.09.2023 07:47:50
10.09.2023 14:42:39
10.09.2023 16:47:15
10.09.2023 18:17:49
11.09.2023 07:55:29
11.09.2023 08:17:02
11.09.2023 12:22:21
11.09.2023 12:57:39
