94
21.10.2023 07:32:38
21.10.2023 13:25:37
21.10.2023 16:16:05
21.10.2023 19:19:25
21.10.2023 21:34:24
21.10.2023 23:35:33
22.10.2023 04:44:30
22.10.2023 05:55:03
22.10.2023 09:25:17
22.10.2023 10:38:47
22.10.2023 12:38:11
22.10.2023 13:18:59
22.10.2023 15:49:08
22.10.2023 17:59:55
22.10.2023 19:30:29
22.10.2023 20:03:14
22.10.2023 22:45:33
23.10.2023 00:38:19
23.10.2023 03:25:28
23.10.2023 07:13:23
23.10.2023 11:06:29
23.10.2023 16:27:49
23.10.2023 17:19:39
23.10.2023 22:22:07
24.10.2023 04:50:59
24.10.2023 07:01:36
24.10.2023 08:33:28
24.10.2023 10:27:48
24.10.2023 13:46:03
24.10.2023 14:19:06
24.10.2023 15:29:37
24.10.2023 17:49:58
24.10.2023 23:46:38
25.10.2023 02:42:43
25.10.2023 03:10:01
25.10.2023 05:22:28
25.10.2023 13:15:07
25.10.2023 14:45:11
25.10.2023 16:06:11
25.10.2023 17:35:46
25.10.2023 20:44:43
26.10.2023 01:27:01
26.10.2023 02:44:23
26.10.2023 02:58:01
26.10.2023 05:01:20
26.10.2023 05:15:56
26.10.2023 07:28:33
26.10.2023 15:10:21
26.10.2023 19:12:06
26.10.2023 19:26:10
26.10.2023 20:43:52
26.10.2023 21:35:47
26.10.2023 21:55:11
26.10.2023 22:01:35
27.10.2023 02:51:39
27.10.2023 17:25:31
27.10.2023 20:40:12
27.10.2023 20:49:25
28.10.2023 04:12:09
28.10.2023 10:50:31
28.10.2023 20:51:40
28.10.2023 22:44:38
28.10.2023 23:54:11
29.10.2023 00:23:10
29.10.2023 01:06:12
29.10.2023 02:32:56
29.10.2023 04:15:31
29.10.2023 04:23:20
29.10.2023 15:27:46
29.10.2023 17:40:34
29.10.2023 23:13:51
30.10.2023 10:47:40
30.10.2023 13:39:05
30.10.2023 14:43:57
30.10.2023 23:04:38
31.10.2023 04:08:06
31.10.2023 05:12:05
31.10.2023 06:51:36
31.10.2023 16:11:08
31.10.2023 17:04:17
01.11.2023 05:29:58
01.11.2023 08:34:01
01.11.2023 11:39:54
01.11.2023 12:43:57
01.11.2023 17:18:20
01.11.2023 18:56:16
02.11.2023 00:56:05
02.11.2023 03:50:39
02.11.2023 05:13:26
02.11.2023 06:46:24
02.11.2023 10:39:16
02.11.2023 17:57:52
02.11.2023 18:46:16
02.11.2023 19:55:41
