-9793 -162 139
163 821
114 235 243 337
-2529 -148 139
151 369 441 761
419
26959 -112 152
67 106 354 449 463 554 625 932
277 782 1048 1176
-40417 -169 105
477 1158
158 388 493 565 727 836 1142
-16786 -136 109
94 435 475 601 970 1186
463 549 764 814
-32934 -198 155
7 550 716 1141
143 388 921
