253178830 -14411 18956
99699
35315 82062 103258
261145988 -13019 17018
34604 40592 45932 58736 62402 71291 94140 103219
43810 68921 77495
6056155 -17817 17963
18530 73380 74254 79169
30508 83575
-106432987 -16090 14183
30736 52190 63324 98064 103654
5657 24944 36024 78987 109950
-203524610 -14281 10794
919 7055 11888 42757 64415 73736 88388 90288 92432 116134
4153 47369 99587
-246054988 -19187 15748
7403 37375 78825
38729 58355 112095
-76465029 -14312 13136
23155 36313 63696 101373 122904 124174
47397 55892 74619 75474 77362 100819 118060
341716006 -13805 19858
48746 98905 103355
54052
122950308 -16875 19462
26757 28223 80794 92933 96462
6378 27469 64875
188756476 -10889 14019
3438 5348 22490 33346 57202 92702 101314 119338
9458 10026 21484 38641 38682 50755 56494 60822 75698 76622 84162 85967 88308
